// Jest Snapshot v1, https://jestjs.io/docs/snapshot-testing

exports[`<Card /> renders correctly with children 1`] = `
<div
  class="rounded-lg border bg-card text-card-foreground shadow-sm"
>
  <div
    class="flex flex-col space-y-1.5 p-6"
  >
    <h3
      class="text-2xl font-semibold leading-none tracking-tight"
    >
      Title
    </h3>
  </div>
  <div
    class="p-6 pt-0"
  >
    Body content
  </div>
</div>
`;
